[Licensing::Module] Trying to connect to existing licensing client channel...
Built from '6000.4/respin/6000.4.12f1-6df48370b9ce' branch; Version is '6000.4.12f1 (3ca267ce8005) revision 3973735'; Using compiler version '194234433'; Build Type 'Release'
OS: 'Windows 11  (10.0.26200) CoreSingleLanguage' Language: 'en' Physical Memory: 16236 MB
[Licensing::IpcConnector] Successfully connected to: "LicenseClient-Ankur" at "2026-09-10T04:13:54.7521019Z"
BatchMode: 1, IsHumanControllingUs: 0, StartBugReporterOnCrash: 0, Is64bit: 1
System  architecture: x64
Process architecture: x64
Date: 2026-09-10T04:13:54Z
[Licensing::Client] Code 10 while verifying Licensing Client signature (process Id: 5736, path: "C:/Program Files/Unity Hub/UnityLicensingClient_V1/Unity.Licensing.Client.exe")
[Licensing::Module] LicensingClient has failed validation; ignoring
[Licensing::Client] Handshaking with LicensingClient:
  Version:                 1.18.3+d7ffd15
  Session Id:              3e2cd336f8a74b719ddb3f9b1bbfd7ef
  Correlation Id:          99e6c852184c191e32fa4a2cc80f251e
  External correlation Id: 4774227698564494951
  Machine Id:              L9mjQsxicID467K8m0On9OfeoLw=
[Licensing::Module] Successfully connected to LicensingClient on channel: "LicenseClient-Ankur" (connect: 0.00s, validation: 0.00s, handshake: 0.04s)
[Licensing::IpcConnector] Successfully connected to: "LicenseClient-Ankur-notifications" at "2026-09-10T04:13:54.7955437Z"
[Licensing::Module] Licensing Background thread has ended after 0.04s

COMMAND LINE ARGUMENTS:
C:\Program Files\Unity\Hub\Editor\6000.4.12f1\Editor\Unity.exe
-adb2
-batchMode
-noUpm
-name
AssetImportWorker0
-projectPath
C:/Users/Ankur/Desktop/Yes-Chef---Tentworks-Interactive-Dev-Test/Game
-logFile
Logs/AssetImportWorker0.log
-srvPort
64820
-force-d3d12
-job-worker-count
7
-background-job-worker-count
8
-gc-helper-count
1
-name
AssetImport
Successfully changed project path to: C:/Users/Ankur/Desktop/Yes-Chef---Tentworks-Interactive-Dev-Test/Game
C:/Users/Ankur/Desktop/Yes-Chef---Tentworks-Interactive-Dev-Test/Game
[UnityMemory] Configuration Parameters - Can be set up in boot.config
    "memorysetup-temp-allocator-size-gi-baking-worker=262144"
    "memorysetup-temp-allocator-size-gi-baking-worker=262144"
    "memorysetup-temp-allocator-size-gi-baking-worker=262144"
    "memorysetup-temp-allocator-size-gi-baking-worker=262144"
    "memorysetup-temp-allocator-size-gi-baking-worker=262144"
    "memorysetup-temp-allocator-size-nav-mesh-worker=65536"
    "memorysetup-temp-allocator-size-audio-worker=65536"
    "memorysetup-temp-allocator-size-cloud-worker=32768"
    "memorysetup-temp-allocator-size-gfx=262144"
    "memorysetup-temp-allocator-size-preload-manager=33554432"
    "memorysetup-temp-allocator-size-job-worker=262144"
    "memorysetup-temp-allocator-size-background-worker=32768"
    "memorysetup-allocator-temp-initial-block-size-main=262144"
    "memorysetup-allocator-temp-initial-block-size-worker=262144"
    "memorysetup-bucket-allocator-granularity=16"
    "memorysetup-bucket-allocator-bucket-count=8"
    "memorysetup-bucket-allocator-block-size=33554432"
    "memorysetup-bucket-allocator-block-count=8"
    "memorysetup-main-allocator-block-size=16777216"
    "memorysetup-thread-allocator-block-size=16777216"
    "memorysetup-gfx-main-allocator-block-size=16777216"
    "memorysetup-gfx-thread-allocator-block-size=16777216"
    "memorysetup-cache-allocator-block-size=4194304"
    "memorysetup-typetree-allocator-block-size=2097152"
    "memorysetup-profiler-bucket-allocator-granularity=16"
    "memorysetup-profiler-bucket-allocator-bucket-count=8"
    "memorysetup-profiler-bucket-allocator-block-size=33554432"
    "memorysetup-profiler-bucket-allocator-block-count=8"
    "memorysetup-profiler-allocator-block-size=16777216"
    "memorysetup-profiler-editor-allocator-block-size=1048576"
    "memorysetup-temp-allocator-size-main=16777216"
    "memorysetup-job-temp-allocator-block-size=2097152"
    "memorysetup-job-temp-allocator-block-size-background=1048576"
    "memorysetup-job-temp-allocator-reduction-small-platforms=262144"
Player connection [21172]  Target information:

Player connection [21172]  * "[IP] 192.168.29.126 [Port] 0 [Flags] 2 [Guid] 3157780828 [EditorId] 3157780828 [Version] 1048832 [Id] WindowsEditor(7,DESKTOP-SO0UAKM) [Debug] 1 [PackageName] WindowsEditor [ProjectName] Editor" 

Player connection [21172] Host joined multi-casting on [225.0.0.222:54997]...
Player connection [21172] Host joined alternative multi-casting on [225.0.0.222:34997]...
JobSystem: Creating JobQueue using job-worker-count value 7
Input System module state changed to: Initialized.
[Physics::Module] Initialized fallback backend.
[Physics::Module] Id: 0xdecafbad
Library Redirect Path: Library/
[Physics::Module] Selected backend.
[Physics::Module] Name: PhysX
[Physics::Module] Id: 0xf2b8ea05
[Physics::Module] SDK Version: 4.1.2
[Physics::Module] Integration Version: 1.0.0
[Physics::Module] Threading Mode: Multi-Threaded
Refreshing native plugins compatible for Editor in 4.54 ms, found 4 plugins.
Initialize engine version: 6000.4.12f1 (3ca267ce8005)
[Subsystems] Discovering subsystems at path C:/Program Files/Unity/Hub/Editor/6000.4.12f1/Editor/Data/Resources/UnitySubsystems
[Subsystems] Discovering subsystems at path C:/Users/Ankur/Desktop/Yes-Chef---Tentworks-Interactive-Dev-Test/Game/Assets
Forcing GfxDevice: Direct3D 12
GfxDevice: creating device client; kGfxThreadingModeNonThreaded
d3d12: failed to query info queue interface (0x80004002).
Direct3D:
    Version:         Direct3D 12 [level 12.2]
    Renderer:        NVIDIA GeForce RTX 3060 Laptop GPU (ID=0x2560)
    Vendor:          NVIDIA
    VRAM:            5994 MB
    App VRAM Budget: 5226 MB
    Driver:          32.0.16.1656
Initialize mono
Mono path[0] = 'C:/Program Files/Unity/Hub/Editor/6000.4.12f1/Editor/Data/Managed'
Mono path[1] = 'C:/Program Files/Unity/Hub/Editor/6000.4.12f1/Editor/Data/MonoBleedingEdge/lib/mono/unityjit-win32'
Mono config path = 'C:/Program Files/Unity/Hub/Editor/6000.4.12f1/Editor/Data/MonoBleedingEdge/etc'
Using monoOptions --debugger-agent=transport=dt_socket,embedding=1,server=y,suspend=n,address=127.0.0.1:56248
CodeReloadManager initialized
Begin MonoManager ReloadAssembly
Registering precompiled unity dll's ...
Register platform support module: C:/Program Files/Unity/Hub/Editor/6000.4.12f1/Editor/Data/PlaybackEngines/WindowsStandaloneSupport/UnityEditor.WindowsStandalone.Extensions.dll
Registered in 0.001559 seconds.
Native extension for WindowsStandalone target not found
Package Manager log level set to [2]
[Package Manager] Failed to launch server process. Reason: Unity was launched with the -noUpm command-line argument
[Package Manager] Unable to send message (not connected to server process).
[Package Manager] Cannot connect to Unity Package Manager local server
ScheduleIndexationOnStartup MainProcess:False IndexOnStartup:True
Mono: successfully reloaded assembly
- Finished resetting the current domain, in  0.419 seconds
Domain Reload Profiling: 879ms
	BeginReloadAssembly (140ms)
	RebuildCommonClasses (39ms)
	RebuildNativeTypeToScriptingClass (13ms)
	initialDomainReloadingComplete (65ms)
	LoadAllAssembliesAndSetupDomain (202ms)
		LoadAssemblies (136ms)
		AnalyzeDomain (192ms)
			TypeCache.Refresh (191ms)
				TypeCache.ScanAssembly (177ms)
	FinalizeReload (421ms)
		SetupLoadedEditorAssemblies (0ms)
			InitializePlatformSupportModulesInManaged (45ms)
			BeforeProcessingInitializeOnLoad (96ms)
			ProcessInitializeOnLoadAttributes (119ms)
			ProcessInitializeOnLoadMethodAttributes (85ms)
========================================================================
Worker process is ready to serve import requests
Import Worker Mode flag is 0x00
Begin MonoManager ReloadAssembly
[Licensing::Client] Successfully resolved entitlement details
[Licensing::Module] License group:
  Id: 13469089260802-UnityPersXXXX
  Product: Unity Personal
  Type: Assigned
  Expiration: Unlimited
Assembly Assembly-CSharp-Editor-firstpass.dll at Library/ScriptAssemblies/Assembly-CSharp-Editor-firstpass.dll not valid. Loading of assembly skipped.
Assembly Assembly-CSharp-Editor.dll at Library/ScriptAssemblies/Assembly-CSharp-Editor.dll not valid. Loading of assembly skipped.
Assembly Assembly-CSharp-firstpass.dll at Library/ScriptAssemblies/Assembly-CSharp-firstpass.dll not valid. Loading of assembly skipped.
Assembly Assembly-CSharp.dll at Library/ScriptAssemblies/Assembly-CSharp.dll not valid. Loading of assembly skipped.
Assembly DocCodeExamples.dll at Library/ScriptAssemblies/DocCodeExamples.dll not valid. Loading of assembly skipped.
Assembly TestNewCustomAssembly.dll at Library/ScriptAssemblies/TestNewCustomAssembly.dll not valid. Loading of assembly skipped.
Assembly Unity.InputSystem.IntegrationTests.dll at Library/ScriptAssemblies/Unity.InputSystem.IntegrationTests.dll not valid. Loading of assembly skipped.
Assembly Unity.Multiplayer.Center.Editor.Tests.dll at Library/ScriptAssemblies/Unity.Multiplayer.Center.Editor.Tests.dll not valid. Loading of assembly skipped.
Assembly Unity.Multiplayer.Center.Tests.dll at Library/ScriptAssemblies/Unity.Multiplayer.Center.Tests.dll not valid. Loading of assembly skipped.
Assembly Unity.Performance.Profile-Analyzer.EditorTests.dll at Library/ScriptAssemblies/Unity.Performance.Profile-Analyzer.EditorTests.dll not valid. Loading of assembly skipped.
Assembly Unity.Settings.Tests.dll at Library/ScriptAssemblies/Unity.Settings.Tests.dll not valid. Loading of assembly skipped.
Assembly Unity.TestTools.CodeCoverage.Editor.Compatibility.dll at Library/ScriptAssemblies/Unity.TestTools.CodeCoverage.Editor.Compatibility.dll not valid. Loading of assembly skipped.
Assembly Unity.TextMeshPro.Editor.Tests.dll at Library/ScriptAssemblies/Unity.TextMeshPro.Editor.Tests.dll not valid. Loading of assembly skipped.
Assembly Unity.TextMeshPro.Tests.dll at Library/ScriptAssemblies/Unity.TextMeshPro.Tests.dll not valid. Loading of assembly skipped.
Assembly UnityEditor.UI.Common.Tests.dll at Library/ScriptAssemblies/UnityEditor.UI.Common.Tests.dll not valid. Loading of assembly skipped.
Assembly UnityEditor.UI.EditorTests.dll at Library/ScriptAssemblies/UnityEditor.UI.EditorTests.dll not valid. Loading of assembly skipped.
Assembly UnityEngine.UI.Tests.dll at Library/ScriptAssemblies/UnityEngine.UI.Tests.dll not valid. Loading of assembly skipped.
Native extension for WindowsStandalone target not found
[Package Manager] Failed to launch server process. Reason: Unity was launched with the -noUpm command-line argument
[Package Manager] Unable to send message (not connected to server process).
[Package Manager] Cannot connect to Unity Package Manager local server
[Package Manager] Failed to launch server process. Reason: Unity was launched with the -noUpm command-line argument
[Package Manager] Unable to send message (not connected to server process).
[Package Manager] Cannot connect to Unity Package Manager local server
ScheduleIndexationOnStartup MainProcess:False IndexOnStartup:True
Mono: successfully reloaded assembly
- Finished resetting the current domain, in  0.657 seconds
Domain Reload Profiling: 1384ms
	BeginReloadAssembly (188ms)
		DisableScriptedObjects (6ms)
		CreateAndSetChildDomain (32ms)
	RebuildCommonClasses (38ms)
	RebuildNativeTypeToScriptingClass (13ms)
	initialDomainReloadingComplete (67ms)
	LoadAllAssembliesAndSetupDomain (421ms)
		LoadAssemblies (316ms)
		AnalyzeDomain (205ms)
			TypeCache.Refresh (154ms)
				TypeCache.ScanAssembly (142ms)
			BuildScriptInfoCaches (44ms)
			ResolveRequiredComponents (5ms)
	FinalizeReload (658ms)
		SetupLoadedEditorAssemblies (0ms)
			BeforeProcessingInitializeOnLoad (127ms)
			ProcessInitializeOnLoadAttributes (336ms)
			ProcessInitializeOnLoadMethodAttributes (47ms)
			AfterProcessingInitializeOnLoad (5ms)
		AwakeInstancesAfterBackupRestoration (6ms)
Launched and connected shader compiler UnityShaderCompiler.exe after 0.01 seconds
Refreshing native plugins compatible for Editor in 2.63 ms, found 4 plugins.
Unloading 0 Unused Serialized files (Serialized files now loaded: 0)
Unloading 4150 unused Assets / (1.3 MB). Loaded Objects now: 4734.
Memory consumption went from 96.7 MB to 95.4 MB.
Total: 7.968200 ms (FindLiveObjects: 0.489800 ms CreateObjectMapping: 0.325900 ms MarkObjects: 5.889500 ms  DeleteObjects: 1.260100 ms)

========================================================================
Received Import Request.
  Time since last request: 11902.162441 seconds.
  path: Assets/Scenes/SampleScene.unity
  importAddress: Guid(9fc0d4010bbf28b4594072e72b8655ab) Importer(2089858483,b0f066a214c2f5e87bad3c948f4d605d)
Start importing Assets/Scenes/SampleScene.unity using Guid(9fc0d4010bbf28b4594072e72b8655ab) Importer(2089858483,b0f066a214c2f5e87bad3c948f4d605d) (ScriptedImporter) -> (Import Result ID: 'b5d91f45fe2e8d1fcdcb768daec620d0') in 0.0716465 seconds [static and dynamic dependencies]. Details - ImportResultOutputID=2faf992fffce0cb033b795de37762a9d DependenciesID=572cf17b1e1d3d1103a23b8791d4e973 StaticDependenciesID=53e505f72e1881e0175ea9043783fe35 
Number of updated asset objects reloaded before import = 0Number of asset objects unloaded after import = 1

========================================================================
Received Import Request.
  Time since last request: 7.408422 seconds.
  path: Assets/InputSystem_Actions.inputactions
  importAddress: Guid(289c1b55c9541489481df5cc06664110) Importer(815301076,1909f56bfc062723c751e8b465ee728b)
Start importing Assets/InputSystem_Actions.inputactions using Guid(289c1b55c9541489481df5cc06664110) Importer(815301076,1909f56bfc062723c751e8b465ee728b) (PreviewImporter) -> (Import Result ID: '21ad3b20540284974cf722755794ee74') in 0.0183923 seconds [static and dynamic dependencies]. Details - ImportResultOutputID=444f4e67d8899e2b7a366ba56ec6e3f3 DependenciesID=d8d696a7e353e5088aa77cd6f59fc928 StaticDependenciesID=025c56ba9bc9228ebeafea718af4ded7 
Number of updated asset objects reloaded before import = 0Number of asset objects unloaded after import = 20

========================================================================
Received Import Request.
  Time since last request: 9.176752 seconds.
  path: Assets/Scenes/SampleScene.unity
  importAddress: Guid(9fc0d4010bbf28b4594072e72b8655ab) Importer(815301076,1909f56bfc062723c751e8b465ee728b)
Start importing Assets/Scenes/SampleScene.unity using Guid(9fc0d4010bbf28b4594072e72b8655ab) Importer(815301076,1909f56bfc062723c751e8b465ee728b) (PreviewImporter) -> (Import Result ID: '31e23d65c00740f92655df7692f95cf3') in 0.0006186 seconds [static and dynamic dependencies]. Details - ImportResultOutputID=13084614189807a3e4352c2e50be9910 DependenciesID=ff3a567516cab5e61daa665326220faa StaticDependenciesID=8adc26d009e261eed44f1d64520a84fc 
Number of updated asset objects reloaded before import = 0Number of asset objects unloaded after import = 0

========================================================================
Received Import Request.
  Time since last request: 2.622970 seconds.
  path: Assets/Scenes/Main.unity
  importAddress: Guid(9fc0d4010bbf28b4594072e72b8655ab) Importer(815301076,1909f56bfc062723c751e8b465ee728b)
Start importing Assets/Scenes/Main.unity using Guid(9fc0d4010bbf28b4594072e72b8655ab) Importer(815301076,1909f56bfc062723c751e8b465ee728b) (PreviewImporter) -> (Import Result ID: 'd093ada41860a6f2351e355f4a05b357') in 0.0004616 seconds [static and dynamic dependencies]. Details - ImportResultOutputID=13084614189807a3e4352c2e50be9910 DependenciesID=48bea76b87a40271cdfcc395191acc5f StaticDependenciesID=300294aadb07c2828985da25b0e5bc8e 
Number of updated asset objects reloaded before import = 0Number of asset objects unloaded after import = 0

========================================================================
Received Import Request.
  Time since last request: 0.982239 seconds.
  path: Assets/Scenes/Main.unity
  importAddress: Guid(9fc0d4010bbf28b4594072e72b8655ab) Importer(2089858483,b0f066a214c2f5e87bad3c948f4d605d)
Start importing Assets/Scenes/Main.unity using Guid(9fc0d4010bbf28b4594072e72b8655ab) Importer(2089858483,b0f066a214c2f5e87bad3c948f4d605d) (ScriptedImporter) -> (Import Result ID: '86f318c196535258d8a911b2e88a5962') in 0.0114419 seconds [static and dynamic dependencies]. Details - ImportResultOutputID=88fa759d38e3d16eab3c02954d1f07b9 DependenciesID=72be7b1ff502a40767ee58a2aa803c46 StaticDependenciesID=00aea1afd87abe275e4859ffd76e1e01 
Number of updated asset objects reloaded before import = 0Number of asset objects unloaded after import = 1

========================================================================
Received Import Request.
  Time since last request: 16.182605 seconds.
  path: Assets/Scenes/Main.unity
  importAddress: Guid(9fc0d4010bbf28b4594072e72b8655ab) Importer(2089858483,b0f066a214c2f5e87bad3c948f4d605d)
Start importing Assets/Scenes/Main.unity using Guid(9fc0d4010bbf28b4594072e72b8655ab) Importer(2089858483,b0f066a214c2f5e87bad3c948f4d605d) (ScriptedImporter) -> (Import Result ID: 'a46c829cd3eeea72848ba4f1d733a5e8') in 0.0163115 seconds [static and dynamic dependencies]. Details - ImportResultOutputID=7508040b1dc2aad2469fda1ee7d6867d DependenciesID=ab11fe39b8714315362aa8c996be0150 StaticDependenciesID=fa49c46c7397b87b247bb6b2b133c3c2 
Number of updated asset objects reloaded before import = 0Number of asset objects unloaded after import = 1

========================================================================
Received Import Request.
  Time since last request: 40.056950 seconds.
  path: Assets/Scenes/Main.unity
  importAddress: Guid(9fc0d4010bbf28b4594072e72b8655ab) Importer(2089858483,b0f066a214c2f5e87bad3c948f4d605d)
Start importing Assets/Scenes/Main.unity using Guid(9fc0d4010bbf28b4594072e72b8655ab) Importer(2089858483,b0f066a214c2f5e87bad3c948f4d605d) (ScriptedImporter) -> (Import Result ID: '16dedbca66c99c945820219b2190ec10') in 0.0122629 seconds [static and dynamic dependencies]. Details - ImportResultOutputID=a4974864fc31e3964c27349b3c8bff07 DependenciesID=6777277213d3b29cee5b99ee0af0e008 StaticDependenciesID=d8083476f2b28b39258d1a2298f3264d 
Number of updated asset objects reloaded before import = 0Number of asset objects unloaded after import = 1

========================================================================
Received Import Request.
  Time since last request: 47.033404 seconds.
  path: Assets/Scenes/Main.unity
  importAddress: Guid(9fc0d4010bbf28b4594072e72b8655ab) Importer(2089858483,b0f066a214c2f5e87bad3c948f4d605d)
Start importing Assets/Scenes/Main.unity using Guid(9fc0d4010bbf28b4594072e72b8655ab) Importer(2089858483,b0f066a214c2f5e87bad3c948f4d605d) (ScriptedImporter) -> (Import Result ID: '1683191dcd6d93977a5897bad5ac5102') in 0.017971 seconds [static and dynamic dependencies]. Details - ImportResultOutputID=40543d0f8f726ab9379f082e4e171ab6 DependenciesID=ec49469b73ee645af52147d095ae3cc7 StaticDependenciesID=b65f4ec17a46cc46e02c221d563aa388 
Number of updated asset objects reloaded before import = 0Number of asset objects unloaded after import = 1

========================================================================
Received Import Request.
  Time since last request: 12.874877 seconds.
  path: Assets/Scenes/Main.unity
  importAddress: Guid(9fc0d4010bbf28b4594072e72b8655ab) Importer(2089858483,b0f066a214c2f5e87bad3c948f4d605d)
Start importing Assets/Scenes/Main.unity using Guid(9fc0d4010bbf28b4594072e72b8655ab) Importer(2089858483,b0f066a214c2f5e87bad3c948f4d605d) (ScriptedImporter) -> (Import Result ID: '65f1b4b8c2f131df5b5965742304ce70') in 0.0106179 seconds [static and dynamic dependencies]. Details - ImportResultOutputID=d8831bda17e962e2b6b8dabbdabb70eb DependenciesID=b4cf7aecec5ce3867b41f1272a678bf5 StaticDependenciesID=688e1570d2d7666d16db1c4f55f3372b 
Number of updated asset objects reloaded before import = 0Number of asset objects unloaded after import = 1

========================================================================
Received Import Request.
  Time since last request: 72.065830 seconds.
  path: Assets/Scenes/Main.unity
  importAddress: Guid(9fc0d4010bbf28b4594072e72b8655ab) Importer(2089858483,b0f066a214c2f5e87bad3c948f4d605d)
Start importing Assets/Scenes/Main.unity using Guid(9fc0d4010bbf28b4594072e72b8655ab) Importer(2089858483,b0f066a214c2f5e87bad3c948f4d605d) (ScriptedImporter) -> (Import Result ID: '001ee52c878c5c5a28992d7d35c8bf5b') in 0.0104218 seconds [static and dynamic dependencies]. Details - ImportResultOutputID=e01e845fd4e6dc52a25438f02c504122 DependenciesID=4aeb977abd2b76acfbfa83cb578b684d StaticDependenciesID=6ef3ff0c40034298239f38d5a983088a 
Number of updated asset objects reloaded before import = 0Number of asset objects unloaded after import = 1

========================================================================
Received Import Request.
  Time since last request: 8.776940 seconds.
  path: Assets/Scenes/Main.unity
  importAddress: Guid(9fc0d4010bbf28b4594072e72b8655ab) Importer(2089858483,b0f066a214c2f5e87bad3c948f4d605d)
Start importing Assets/Scenes/Main.unity using Guid(9fc0d4010bbf28b4594072e72b8655ab) Importer(2089858483,b0f066a214c2f5e87bad3c948f4d605d) (ScriptedImporter) -> (Import Result ID: '7c3eb7f661e903641c22b001176bc8bb') in 0.0101371 seconds [static and dynamic dependencies]. Details - ImportResultOutputID=52de2389c10f67a4a2c284c2aa9d56ee DependenciesID=4133ada20abac83a6a7f9ba42a3aa6f9 StaticDependenciesID=4e58b16879dee1bfd9b847901a36ee8d 
Number of updated asset objects reloaded before import = 0Number of asset objects unloaded after import = 1

========================================================================
Received Import Request.
  Time since last request: 3.742931 seconds.
  path: Assets
  importAddress: Guid(00000000000000001000000000000000) Importer(815301076,1909f56bfc062723c751e8b465ee728b)
Start importing Assets using Guid(00000000000000001000000000000000) Importer(815301076,1909f56bfc062723c751e8b465ee728b) (PreviewImporter) -> (Import Result ID: 'ba3d99d3e6455b7d738cc313a5658c64') in 0.0004573 seconds [static and dynamic dependencies]. Details - ImportResultOutputID=a7ba422695a8aa3da15a65ed13cf7f8c DependenciesID=aacbd2d46c4ccb757ffc405dc59c5e9b StaticDependenciesID=09d262387b384c67fbae9f36a9075c34 
Number of updated asset objects reloaded before import = 0Number of asset objects unloaded after import = 0

========================================================================
Received Import Request.
  Time since last request: 15.612981 seconds.
  path: Assets/GroundMaterial.mat
  importAddress: Guid(f4d5fe938a3b9df40bb7a0d4a8822941) Importer(2089858483,b0f066a214c2f5e87bad3c948f4d605d)
Start importing Assets/GroundMaterial.mat using Guid(f4d5fe938a3b9df40bb7a0d4a8822941) Importer(2089858483,b0f066a214c2f5e87bad3c948f4d605d) (ScriptedImporter) -> (Import Result ID: '4a37a283fd0e435b33645a8a6b83401e') in 0.0591915 seconds [static and dynamic dependencies]. Details - ImportResultOutputID=56d74147332a3dd4fcfee1fc83772b10 DependenciesID=1d3f7e4bc26907f513989169d7ef79f9 StaticDependenciesID=43fa021240d3ab6c7a94f361b8b8e5ec 
Number of updated asset objects reloaded before import = 0Number of asset objects unloaded after import = 1

========================================================================
Received Import Request.
  Time since last request: 5.801341 seconds.
  path: Assets/Material_Ground.mat
  importAddress: Guid(f4d5fe938a3b9df40bb7a0d4a8822941) Importer(2089858483,b0f066a214c2f5e87bad3c948f4d605d)
Start importing Assets/Material_Ground.mat using Guid(f4d5fe938a3b9df40bb7a0d4a8822941) Importer(2089858483,b0f066a214c2f5e87bad3c948f4d605d) (ScriptedImporter) -> (Import Result ID: '087f2af8cf8b83a22a994ed87f121c81') in 0.0095168 seconds [static and dynamic dependencies]. Details - ImportResultOutputID=1994f7e3a4593f6ff92798186224b53d DependenciesID=ea686645b3163e63508f2b58fd674949 StaticDependenciesID=838a5a049590dfcaf0a24921997ada99 
Number of updated asset objects reloaded before import = 0Number of asset objects unloaded after import = 1

========================================================================
Received Import Request.
  Time since last request: 32.130493 seconds.
  path: Assets/Material_Ground.mat
  importAddress: Guid(f4d5fe938a3b9df40bb7a0d4a8822941) Importer(2089858483,b0f066a214c2f5e87bad3c948f4d605d)
Start importing Assets/Material_Ground.mat using Guid(f4d5fe938a3b9df40bb7a0d4a8822941) Importer(2089858483,b0f066a214c2f5e87bad3c948f4d605d) (ScriptedImporter) -> (Import Result ID: '357e7fa7d98c8800c0c96c8091f1137f') in 0.0140656 seconds [static and dynamic dependencies]. Details - ImportResultOutputID=59b7fed350e675668bb8f2df688eb88e DependenciesID=e0e63b6ebdd33a5058de234d9a531cfa StaticDependenciesID=f855c54cf0b08f553409789ffeb6e61b 
Number of updated asset objects reloaded before import = 0Number of asset objects unloaded after import = 1

========================================================================
Received Import Request.
  Time since last request: 51.075826 seconds.
  path: Assets/Material_Ground.mat
  importAddress: Guid(f4d5fe938a3b9df40bb7a0d4a8822941) Importer(2089858483,b0f066a214c2f5e87bad3c948f4d605d)
Start importing Assets/Material_Ground.mat using Guid(f4d5fe938a3b9df40bb7a0d4a8822941) Importer(2089858483,b0f066a214c2f5e87bad3c948f4d605d) (ScriptedImporter) -> (Import Result ID: 'ad220637e3f8a41e437470249b51902f') in 0.0101868 seconds [static and dynamic dependencies]. Details - ImportResultOutputID=0e45b98c0239f480021e37af47095dac DependenciesID=4a4336a31af773d37da0b4172f5b9b11 StaticDependenciesID=e5b18591b8a97612d03a45f11fb5b1ca 
Number of updated asset objects reloaded before import = 0Number of asset objects unloaded after import = 1

========================================================================
Received Import Request.
  Time since last request: 19.817302 seconds.
  path: Assets/Scenes/Main.unity
  importAddress: Guid(9fc0d4010bbf28b4594072e72b8655ab) Importer(2089858483,b0f066a214c2f5e87bad3c948f4d605d)
Start importing Assets/Scenes/Main.unity using Guid(9fc0d4010bbf28b4594072e72b8655ab) Importer(2089858483,b0f066a214c2f5e87bad3c948f4d605d) (ScriptedImporter) -> (Import Result ID: '59172e66a5efabd24c0fe78f377886c9') in 0.0132698 seconds [static and dynamic dependencies]. Details - ImportResultOutputID=cf2c0b99773a7d34ab9020a7c36de888 DependenciesID=2ad30cfd734e371d04cb352eeecff268 StaticDependenciesID=2bf9d141198be7fd00cbda834dbc560d 
Number of updated asset objects reloaded before import = 0Number of asset objects unloaded after import = 1

========================================================================
Received Import Request.
  Time since last request: 268.057257 seconds.
  path: Assets/Scenes/Main.unity
  importAddress: Guid(9fc0d4010bbf28b4594072e72b8655ab) Importer(2089858483,b0f066a214c2f5e87bad3c948f4d605d)
Start importing Assets/Scenes/Main.unity using Guid(9fc0d4010bbf28b4594072e72b8655ab) Importer(2089858483,b0f066a214c2f5e87bad3c948f4d605d) (ScriptedImporter) -> (Import Result ID: 'f8b9da74439d902b1fe5b51bd3d09b77') in 0.011297 seconds [static and dynamic dependencies]. Details - ImportResultOutputID=32bb6c07f41e4234019d46ad5bc43474 DependenciesID=4b280a903c67131ed6606a7d7c686830 StaticDependenciesID=2e165cf05ece1fc128f710ce64449dd2 
Number of updated asset objects reloaded before import = 0Number of asset objects unloaded after import = 1

========================================================================
Received Import Request.
  Time since last request: 17.784151 seconds.
  path: Assets/Scenes/Main.unity
  importAddress: Guid(9fc0d4010bbf28b4594072e72b8655ab) Importer(2089858483,b0f066a214c2f5e87bad3c948f4d605d)
Start importing Assets/Scenes/Main.unity using Guid(9fc0d4010bbf28b4594072e72b8655ab) Importer(2089858483,b0f066a214c2f5e87bad3c948f4d605d) (ScriptedImporter) -> (Import Result ID: '34122978e9ecee2aa894f4f9d75b7790') in 0.0129847 seconds [static and dynamic dependencies]. Details - ImportResultOutputID=c706ed0c7d2dd21c5ba941c7413087eb DependenciesID=d69b60bca9670262db58c8ef9ff81153 StaticDependenciesID=d7e27bbe4db4558b862bda0c72e357e0 
Number of updated asset objects reloaded before import = 0Number of asset objects unloaded after import = 1

========================================================================
Received Import Request.
  Time since last request: 55.593352 seconds.
  path: Assets/Scenes/Main.unity
  importAddress: Guid(9fc0d4010bbf28b4594072e72b8655ab) Importer(2089858483,b0f066a214c2f5e87bad3c948f4d605d)
Start importing Assets/Scenes/Main.unity using Guid(9fc0d4010bbf28b4594072e72b8655ab) Importer(2089858483,b0f066a214c2f5e87bad3c948f4d605d) (ScriptedImporter) -> (Import Result ID: '5ef69caf0d87841068eb61d63e571123') in 0.0117428 seconds [static and dynamic dependencies]. Details - ImportResultOutputID=a20596720c5580d4a03d3ae6c59216f7 DependenciesID=c7c42684333dcbba0265f870b92a5adf StaticDependenciesID=954133bc43f97d56093aec9d2567640b 
Number of updated asset objects reloaded before import = 0Number of asset objects unloaded after import = 1

========================================================================
Received Import Request.
  Time since last request: 39.397842 seconds.
  path: Assets/Scenes/Main.unity
  importAddress: Guid(9fc0d4010bbf28b4594072e72b8655ab) Importer(2089858483,b0f066a214c2f5e87bad3c948f4d605d)
Start importing Assets/Scenes/Main.unity using Guid(9fc0d4010bbf28b4594072e72b8655ab) Importer(2089858483,b0f066a214c2f5e87bad3c948f4d605d) (ScriptedImporter) -> (Import Result ID: '0949378566ec231a515356f0b94484a9') in 0.0112642 seconds [static and dynamic dependencies]. Details - ImportResultOutputID=36aadf44336a36b4e827be3f35c2d876 DependenciesID=658ccd8c3aada6f50e48249f3d70a9f4 StaticDependenciesID=22a4391fa1d36ca58a8ad0b32e153aac 
Number of updated asset objects reloaded before import = 0Number of asset objects unloaded after import = 1

========================================================================
Received Import Request.
  Time since last request: 35.819378 seconds.
  path: Assets/Scenes/Main.unity
  importAddress: Guid(9fc0d4010bbf28b4594072e72b8655ab) Importer(2089858483,b0f066a214c2f5e87bad3c948f4d605d)
Start importing Assets/Scenes/Main.unity using Guid(9fc0d4010bbf28b4594072e72b8655ab) Importer(2089858483,b0f066a214c2f5e87bad3c948f4d605d) (ScriptedImporter) -> (Import Result ID: '4f2efd753908e9ead61eb1cb521f5be2') in 0.0275101 seconds [static and dynamic dependencies]. Details - ImportResultOutputID=76b2b46c542684ef9090ba169bd28f1e DependenciesID=b4465717d68af7b95f81a7660fa4536c StaticDependenciesID=c453852d59b8c96e09784ac74ed8e0c8 
Number of updated asset objects reloaded before import = 0Number of asset objects unloaded after import = 1

